
> test:run
> vitest --run


[7m[1m[36m RUN [39m[22m[27m [36mv1.6.1[39m [90mC:/Users/WIN10/Documents/Kiro/Kroz[39m

 [32mÔ£ô[39m tests/composables/kanban2/useKanban2Selection.spec.ts [2m ([22m[2m32 tests[22m[2m)[22m[90m 32[2mms[22m[39m
 [33mÔØ»[39m tests/composables/kanban2/useKanban2Columns.spec.ts [2m ([22m[2m39 tests[22m [2m|[22m [31m2 failed[39m[2m)[22m[90m 156[2mms[22m[39m
[31m   [33mÔØ»[31m tests/composables/kanban2/useKanban2Columns.spec.ts[2m > [22museKanban2Columns[2m > [22mdeleteColumn[2m > [22mshould delete column[39m
[31m     ÔåÆ expected true to be false // Object.is equality[39m
[31m   [33mÔØ»[31m tests/composables/kanban2/useKanban2Columns.spec.ts[2m > [22museKanban2Columns[2m > [22mgetColumnIndex[2m > [22mshould return correct index[39m
[31m     ÔåÆ expected +0 to be 1 // Object.is equality[39m
node.exe : [90mstderr[2m | 
tests/composables/kanban2/useKanban2Columns.spec.ts[2m > 
[22m[2museKanban2Columns[2m > [22m[2mState 
Immutability[2m > [22m[2mshould prevent direct mutation of 
columns[22m[39m
No linha:1 caractere:1
+ & "C:\Program Files\nodejs/node.exe" "C:\Program 
Files\nodejs/node_mo ...
+ ~~~~~~~~~~~~~~~~~~~~~~~~~~~~~~~~~~~~~~~~~~~~~~~~~~~~~~~~~~~~~~
~~~~~~~
    + CategoryInfo          : NotSpecified: ([90mstderr[2m... 
   lumns[22m[39m:String) [], RemoteException
    + FullyQualifiedErrorId : NativeCommandError
 
[Vue warn] Set operation on key "value" failed: target is 
readonly. RefImpl {
  dep: Dep {
    computed: [90mundefined[39m,
    version: [33m0[39m,
    activeLink: [90mundefined[39m,
    subs: [90mundefined[39m,
    map: [90mundefined[39m,
    key: [90mundefined[39m,
    sc: [33m0[39m,
    __v_skip: [33mtrue[39m,
    subsHead: [90mundefined[39m
  },
  __v_isRef: [33mtrue[39m,
  __v_isShallow: [33mfalse[39m,
  _rawValue: [],
  _value: []
}

[90mstderr[2m | 
tests/composables/kanban2/useKanban2Columns.spec.ts[2m > 
[22m[2museKanban2Columns[2m > [22m[2mState 
Immutability[2m > [22m[2mshould prevent direct mutation of 
loading[22m[39m
[Vue warn] Set operation on key "value" failed: target is 
readonly. RefImpl {
  dep: Dep {
    computed: [90mundefined[39m,
    version: [33m0[39m,
    activeLink: [90mundefined[39m,
    subs: [90mundefined[39m,
    map: [90mundefined[39m,
    key: [90mundefined[39m,
    sc: [33m0[39m,
    __v_skip: [33mtrue[39m,
    subsHead: [90mundefined[39m
  },
  __v_isRef: [33mtrue[39m,
  __v_isShallow: [33mfalse[39m,
  _rawValue: [33mfalse[39m,
  _value: [33mfalse[39m
}

[90mstderr[2m | 
tests/composables/kanban2/useKanban2Columns.spec.ts[2m > 
[22m[2museKanban2Columns[2m > [22m[2mState 
Immutability[2m > [22m[2mshould prevent direct mutation of 
error[22m[39m
[Vue warn] Set operation on key "value" failed: target is 
readonly. RefImpl {
  dep: Dep {
    computed: [90mundefined[39m,
    version: [33m0[39m,
    activeLink: [90mundefined[39m,
    subs: [90mundefined[39m,
    map: [90mundefined[39m,
    key: [90mundefined[39m,
    sc: [33m0[39m,
    __v_skip: [33mtrue[39m,
    subsHead: [90mundefined[39m
  },
  __v_isRef: [33mtrue[39m,
  __v_isShallow: [33mfalse[39m,
  _rawValue: [1mnull[22m,
  _value: [1mnull[22m
}

 [32mÔ£ô[39m tests/composables/kanban2/useKanban2History.spec.ts [2m ([22m[2m13 tests[22m[2m)[22m[90m 60[2mms[22m[39m
 [32mÔ£ô[39m tests/composables/kanban2/useKanban2LazyLoading.spec.ts [2m ([22m[2m22 tests[22m[2m)[22m[90m 277[2mms[22m[39m
 [32mÔ£ô[39m tests/composables/kanban2/useKanban2Memoization.spec.ts [2m ([22m[2m19 tests[22m[2m)[22m[90m 129[2mms[22m[39m
 [32mÔ£ô[39m tests/composables/kanban2/useKanban2DragDrop.spec.ts [2m ([22m[2m19 tests[22m[2m)[22m[90m 36[2mms[22m[39m
 [32mÔ£ô[39m tests/composables/kanban2/useKanban2Data.spec.ts [2m ([22m[2m20 tests[22m[2m)[22m[90m 34[2mms[22m[39m
[90mstderr[2m | 
tests/composables/kanban2/useKanban2Data.spec.ts[2m > 
[22m[2museKanban2Data[2m > [22m[2mState Immutability[2m > 
[22m[2mshould prevent direct mutation of tasks[22m[39m
[Vue warn] Set operation on key "value" failed: target is 
readonly. RefImpl {
  dep: Dep {
    computed: [90mundefined[39m,
    version: [33m0[39m,
    activeLink: [90mundefined[39m,
    subs: [90mundefined[39m,
    map: [90mundefined[39m,
    key: [90mundefined[39m,
    sc: [33m0[39m,
    __v_skip: [33mtrue[39m,
    subsHead: [90mundefined[39m
  },
  __v_isRef: [33mtrue[39m,
  __v_isShallow: [33mfalse[39m,
  _rawValue: [],
  _value: []
}

[90mstderr[2m | 
tests/composables/kanban2/useKanban2Data.spec.ts[2m > 
[22m[2museKanban2Data[2m > [22m[2mState Immutability[2m > 
[22m[2mshould prevent direct mutation of columns[22m[39m
[Vue warn] Set operation on key "value" failed: target is 
readonly. RefImpl {
  dep: Dep {
    computed: [90mundefined[39m,
    version: [33m0[39m,
    activeLink: [90mundefined[39m,
    subs: [90mundefined[39m,
    map: [90mundefined[39m,
    key: [90mundefined[39m,
    sc: [33m0[39m,
    __v_skip: [33mtrue[39m,
    subsHead: [90mundefined[39m
  },
  __v_isRef: [33mtrue[39m,
  __v_isShallow: [33mfalse[39m,
  _rawValue: [],
  _value: []
}

[90mstderr[2m | 
tests/composables/kanban2/useKanban2Data.spec.ts[2m > 
[22m[2museKanban2Data[2m > [22m[2mState Immutability[2m > 
[22m[2mshould prevent direct mutation of loading[22m[39m
[Vue warn] Set operation on key "value" failed: target is 
readonly. RefImpl {
  dep: Dep {
    computed: [90mundefined[39m,
    version: [33m0[39m,
    activeLink: [90mundefined[39m,
    subs: [90mundefined[39m,
    map: [90mundefined[39m,
    key: [90mundefined[39m,
    sc: [33m0[39m,
    __v_skip: [33mtrue[39m,
    subsHead: [90mundefined[39m
  },
  __v_isRef: [33mtrue[39m,
  __v_isShallow: [33mfalse[39m,
  _rawValue: [33mfalse[39m,
  _value: [33mfalse[39m
}

[90mstderr[2m | 
tests/composables/kanban2/useKanban2Data.spec.ts[2m > 
[22m[2museKanban2Data[2m > [22m[2mState Immutability[2m > 
[22m[2mshould prevent direct mutation of error[22m[39m
[Vue warn] Set operation on key "value" failed: target is 
readonly. RefImpl {
  dep: Dep {
    computed: [90mundefined[39m,
    version: [33m0[39m,
    activeLink: [90mundefined[39m,
    subs: [90mundefined[39m,
    map: [90mundefined[39m,
    key: [90mundefined[39m,
    sc: [33m0[39m,
    __v_skip: [33mtrue[39m,
    subsHead: [90mundefined[39m
  },
  __v_isRef: [33mtrue[39m,
  __v_isShallow: [33mfalse[39m,
  _rawValue: [1mnull[22m,
  _value: [1mnull[22m
}

 [32mÔ£ô[39m tests/composables/kanban2/useKanban2Realtime.spec.ts [2m ([22m[2m11 tests[22m[2m)[22m[90m 10[2mms[22m[39m

[31mÔÄ»ÔÄ»ÔÄ»ÔÄ»ÔÄ»ÔÄ»ÔÄ»[1m[7m Failed Tests 2 
[27m[22mÔÄ»ÔÄ»ÔÄ»ÔÄ»ÔÄ»ÔÄ»ÔÄ»[39m

[31m[1m[7m FAIL [27m[22m[39m 
tests/composables/kanban2/useKanban2Columns.spec.ts[2m > 
[22museKanban2Columns[2m > [22mdeleteColumn[2m > 
[22mshould delete column
[31m[1mAssertionError[22m: expected true to be false // 
Object.is equality[39m

[32m- Expected[39m
[31m+ Received[39m

[32m- false[39m
[31m+ true[39m

[36m [2mÔØ»[22m tests/composables/kanban2/useKanban2Columns.s
pec.ts:[2m149:66[22m[39m
    [90m147| [39m
    [90m148| [39m      [34mexpect[39m(columns[33m.[39mcolu
mns[33m.[39mvalue)[33m.[39m[34mtoHaveLength[39m([34m2[39
m)
    [90m149| [39m      [34mexpect[39m(columns[33m.[39mcolu
mns[33m.[39mvalue[33m.[39m[34msome[39m(c [33m=>[39m 
c[33m.[39mid [33m===[39m 
columnId))[33m.[39m[34mtoBe[39m(ÔÇª
    [90m   | [39m                                             
                    [31m^[39m
    [90m150| [39m    })
    [90m151| [39m

[31m[2mÔÄ»ÔÄ»ÔÄ»ÔÄ»ÔÄ»ÔÄ»ÔÄ»ÔÄ»ÔÄ»ÔÄ»ÔÄ»ÔÄ»ÔÄ»ÔÄ»ÔÄ»ÔÄ»ÔÄ»ÔÄ»Ô
Ä»ÔÄ»ÔÄ»ÔÄ»ÔÄ»ÔÄ»[1/2]ÔÄ»[22m[39m

[31m[1m[7m FAIL [27m[22m[39m 
tests/composables/kanban2/useKanban2Columns.spec.ts[2m > 
[22museKanban2Columns[2m > [22mgetColumnIndex[2m > 
[22mshould return correct index
[31m[1mAssertionError[22m: expected +0 to be 1 // Object.is 
equality[39m

[32m- Expected[39m
[31m+ Received[39m

[32m- 1[39m
[31m+ 0[39m

[36m [2mÔØ»[22m tests/composables/kanban2/useKanban2Columns.s
pec.ts:[2m300:21[22m[39m
    [90m298| [39m      [35mconst[39m index [33m=[39m 
columns[33m.[39m[34mgetColumnIndex[39m(columnId)
    [90m299| [39m
    [90m300| [39m      
[34mexpect[39m(index)[33m.[39m[34mtoBe[39m([34m1[39m)
    [90m   | [39m                    [31m^[39m
    [90m301| [39m    })
    [90m302| [39m

[31m[2mÔÄ»ÔÄ»ÔÄ»ÔÄ»ÔÄ»ÔÄ»ÔÄ»ÔÄ»ÔÄ»ÔÄ»ÔÄ»ÔÄ»ÔÄ»ÔÄ»ÔÄ»ÔÄ»ÔÄ»ÔÄ»Ô
Ä»ÔÄ»ÔÄ»ÔÄ»ÔÄ»ÔÄ»[2/2]ÔÄ»[22m[39m

[2m Test Files [22m [1m[31m1 failed[39m[22m[2m | [22m[1m[32m7 passed[39m[22m[90m (8)[39m
[2m      Tests [22m [1m[31m2 failed[39m[22m[2m | [22m[1m[32m173 passed[39m[22m[90m (175)[39m
[2m   Start at [22m 07:40:21
[2m   Duration [22m 3.21s[2m (transform 670ms, setup 2ms, collect 2.02s, tests 734ms, environment 4.61s, prepare 2.34s)[22m

