
> test:run
> vitest --run


[7m[1m[36m RUN [39m[22m[27m [36mv1.6.1[39m [90mC:/Users/WIN10/Documents/Kiro/Kroz[39m

 [32mÔ£ô[39m tests/composables/kanban2/useKanban2Selection.spec.ts [2m ([22m[2m32 tests[22m[2m)[22m[90m 25[2mms[22m[39m
node.exe : [90mstderr[2m | 
tests/composables/kanban2/useKanban2Columns.spec.ts[2m > 
[22m[2museKanban2Columns[2m > [22m[2mInitial State[2m > 
[22m[2mshould have readonly exports[22m[39m
No linha:1 caractere:1
+ & "C:\Program Files\nodejs/node.exe" "C:\Program 
Files\nodejs/node_mo ...
+ ~~~~~~~~~~~~~~~~~~~~~~~~~~~~~~~~~~~~~~~~~~~~~~~~~~~~~~~~~~~~~~
~~~~~~~
    + CategoryInfo          : NotSpecified: ([90mstderr[2m... 
   ports[22m[39m:String) [], RemoteException
    + FullyQualifiedErrorId : NativeCommandError
 
[Vue warn] Set operation on key "value" failed: target is 
readonly. RefImpl {
  dep: Dep {
    computed: [90mundefined[39m,
    version: [33m0[39m,
    activeLink: [90mundefined[39m,
    subs: [90mundefined[39m,
    map: [90mundefined[39m,
    key: [90mundefined[39m,
    sc: [33m0[39m,
    __v_skip: [33mtrue[39m,
    subsHead: [90mundefined[39m
  },
  __v_isRef: [33mtrue[39m,
  __v_isShallow: [33mfalse[39m,
  _rawValue: [],
  _value: []
}

 [33mÔØ»[39m tests/composables/kanban2/useKanban2Columns.spec.ts [2m ([22m[2m39 tests[22m [2m|[22m [31m8 failed[39m[2m)[22m[90m 105[2mms[22m[39m
[31m   [33mÔØ»[31m tests/composables/kanban2/useKanban2Columns.spec.ts[2m > [22museKanban2Columns[2m > [22mInitial State[2m > [22mshould have readonly exports[39m
[31m     ÔåÆ expected [Function] to throw an error[39m
[31m   [33mÔØ»[31m tests/composables/kanban2/useKanban2Columns.spec.ts[2m > [22museKanban2Columns[2m > [22mdeleteColumn[2m > [22mshould delete column[39m
[31m     ÔåÆ expected [] to have a length of 2 but got +0[39m
[31m   [33mÔØ»[31m tests/composables/kanban2/useKanban2Columns.spec.ts[2m > [22museKanban2Columns[2m > [22mdeleteColumn[2m > [22mshould reorder after delete[39m
[31m     ÔåÆ Cannot read properties of undefined (reading 'order')[39m
[31m   [33mÔØ»[31m tests/composables/kanban2/useKanban2Columns.spec.ts[2m > [22museKanban2Columns[2m > [22mgetColumnIndex[2m > [22mshould return correct index[39m
[31m     ÔåÆ expected +0 to be 1 // Object.is equality[39m
[31m   [33mÔØ»[31m tests/composables/kanban2/useKanban2Columns.spec.ts[2m > [22museKanban2Columns[2m > [22mComputed Properties[2m > [22mcolumnCount should update after delete[39m
[31m     ÔåÆ expected +0 to be 2 // Object.is equality[39m
[31m   [33mÔØ»[31m tests/composables/kanban2/useKanban2Columns.spec.ts[2m > [22museKanban2Columns[2m > [22mState Immutability[2m > [22mshould prevent direct mutation of columns[39m
[31m     ÔåÆ expected [Function] to throw an error[39m
[31m   [33mÔØ»[31m tests/composables/kanban2/useKanban2Columns.spec.ts[2m > [22museKanban2Columns[2m > [22mState Immutability[2m > [22mshould prevent direct mutation of loading[39m
[31m     ÔåÆ expected [Function] to throw an error[39m
[31m   [33mÔØ»[31m tests/composables/kanban2/useKanban2Columns.spec.ts[2m > [22museKanban2Columns[2m > [22mState Immutability[2m > [22mshould prevent direct mutation of error[39m
[31m     ÔåÆ expected [Function] to throw an error[39m
[90mstderr[2m | 
tests/composables/kanban2/useKanban2Columns.spec.ts[2m > 
[22m[2museKanban2Columns[2m > [22m[2mState 
Immutability[2m > [22m[2mshould prevent direct mutation of 
columns[22m[39m
[Vue warn] Set operation on key "value" failed: target is 
readonly. RefImpl {
  dep: Dep {
    computed: [90mundefined[39m,
    version: [33m0[39m,
    activeLink: [90mundefined[39m,
    subs: [90mundefined[39m,
    map: [90mundefined[39m,
    key: [90mundefined[39m,
    sc: [33m0[39m,
    __v_skip: [33mtrue[39m,
    subsHead: [90mundefined[39m
  },
  __v_isRef: [33mtrue[39m,
  __v_isShallow: [33mfalse[39m,
  _rawValue: [],
  _value: []
}

[90mstderr[2m | 
tests/composables/kanban2/useKanban2Columns.spec.ts[2m > 
[22m[2museKanban2Columns[2m > [22m[2mState 
Immutability[2m > [22m[2mshould prevent direct mutation of 
loading[22m[39m
[Vue warn] Set operation on key "value" failed: target is 
readonly. RefImpl {
  dep: Dep {
    computed: [90mundefined[39m,
    version: [33m0[39m,
    activeLink: [90mundefined[39m,
    subs: [90mundefined[39m,
    map: [90mundefined[39m,
    key: [90mundefined[39m,
    sc: [33m0[39m,
    __v_skip: [33mtrue[39m,
    subsHead: [90mundefined[39m
  },
  __v_isRef: [33mtrue[39m,
  __v_isShallow: [33mfalse[39m,
  _rawValue: [33mfalse[39m,
  _value: [33mfalse[39m
}

[90mstderr[2m | 
tests/composables/kanban2/useKanban2Columns.spec.ts[2m > 
[22m[2museKanban2Columns[2m > [22m[2mState 
Immutability[2m > [22m[2mshould prevent direct mutation of 
error[22m[39m
[Vue warn] Set operation on key "value" failed: target is 
readonly. RefImpl {
  dep: Dep {
    computed: [90mundefined[39m,
    version: [33m0[39m,
    activeLink: [90mundefined[39m,
    subs: [90mundefined[39m,
    map: [90mundefined[39m,
    key: [90mundefined[39m,
    sc: [33m0[39m,
    __v_skip: [33mtrue[39m,
    subsHead: [90mundefined[39m
  },
  __v_isRef: [33mtrue[39m,
  __v_isShallow: [33mfalse[39m,
  _rawValue: [1mnull[22m,
  _value: [1mnull[22m
}

 [32mÔ£ô[39m tests/composables/kanban2/useKanban2Memoization.spec.ts [2m ([22m[2m19 tests[22m[2m)[22m[90m 77[2mms[22m[39m
 [32mÔ£ô[39m tests/composables/kanban2/useKanban2History.spec.ts [2m ([22m[2m13 tests[22m[2m)[22m[90m 20[2mms[22m[39m
 [32mÔ£ô[39m tests/composables/kanban2/useKanban2LazyLoading.spec.ts [2m ([22m[2m22 tests[22m[2m)[22m[90m 275[2mms[22m[39m
 [33mÔØ»[39m tests/composables/kanban2/useKanban2DragDrop.spec.ts [2m ([22m[2m19 tests[22m [2m|[22m [31m1 failed[39m[2m)[22m[90m 33[2mms[22m[39m
[31m   [33mÔØ»[31m tests/composables/kanban2/useKanban2DragDrop.spec.ts[2m > [22museKanban2DragDrop[2m > [22mcompleteDrop[2m > [22mshould use default values if toColumnId is null[39m
[31m     ÔåÆ expected "spy" to be called with arguments: [ 'task-1', 'column-1', ÔÇª(2) ][90m

Received: 

[1m  1st spy call:

[22m[2m  Array [[22m
[2m    "task-1",[22m
[2m    "column-1",[22m
[32m-   "column-1",[90m
[31m+   "column-2",[90m
[2m    "below",[22m
[2m  ][22m
[31m[90m

Number of calls: [1m1[22m
[31m[39m
[90mstderr[2m | 
tests/composables/kanban2/useKanban2DragDrop.spec.ts[2m > 
[22m[2museKanban2DragDrop[2m > [22m[2mcompleteDrop[2m > 
[22m[2mshould use default values if toColumnId is 
null[22m[39m
[Vue warn] Set operation on key "toColumnId" failed: target is 
readonly. {
  isDragging: [33mtrue[39m,
  taskId: [32m'task-1'[39m,
  fromColumnId: [32m'column-1'[39m,
  toColumnId: [32m'column-2'[39m,
  position: [32m'below'[39m,
  isDropping: [33mfalse[39m
}

 [33mÔØ»[39m tests/composables/kanban2/useKanban2Data.spec.ts [2m ([22m[2m20 tests[22m [2m|[22m [31m14 failed[39m[2m)[22m[90m 42[2mms[22m[39m
[31m   [33mÔØ»[31m tests/composables/kanban2/useKanban2Data.spec.ts[2m > [22museKanban2Data[2m > [22mInitial State[2m > [22mshould have readonly exports[39m
[31m     ÔåÆ expected [Function] to throw an error[39m
[31m   [33mÔØ»[31m tests/composables/kanban2/useKanban2Data.spec.ts[2m > [22museKanban2Data[2m > [22mgetTasksByColumn[2m > [22mshould return tasks from specific column[39m
[31m     ÔåÆ expected [] to have a length of 2 but got +0[39m
[31m   [33mÔØ»[31m tests/composables/kanban2/useKanban2Data.spec.ts[2m > [22museKanban2Data[2m > [22mgetTaskById[2m > [22mshould return task by id[39m
[31m     ÔåÆ expected undefined not to be undefined[39m
[31m   [33mÔØ»[31m tests/composables/kanban2/useKanban2Data.spec.ts[2m > [22museKanban2Data[2m > [22mgetColumnById[2m > [22mshould return column by id[39m
[31m     ÔåÆ expected undefined not to be undefined[39m
[31m   [33mÔØ»[31m tests/composables/kanban2/useKanban2Data.spec.ts[2m > [22museKanban2Data[2m > [22mError Handling[2m > [22mshould clear error on successful operation[39m
[31m     ÔåÆ expected null to be 'Previous error' // Object.is equality[39m
[31m   [33mÔØ»[31m tests/composables/kanban2/useKanban2Data.spec.ts[2m > [22museKanban2Data[2m > [22mState Immutability[2m > [22mshould prevent direct mutation of tasks[39m
[31m     ÔåÆ expected [Function] to throw an error[39m
[31m   [33mÔØ»[31m tests/composables/kanban2/useKanban2Data.spec.ts[2m > [22museKanban2Data[2m > [22mState Immutability[2m > [22mshould prevent direct mutation of columns[39m
[31m     ÔåÆ expected [Function] to throw an error[39m
[31m   [33mÔØ»[31m tests/composables/kanban2/useKanban2Data.spec.ts[2m > [22museKanban2Data[2m > [22mState Immutability[2m > [22mshould prevent direct mutation of loading[39m
[31m     ÔåÆ expected [Function] to throw an error[39m
[31m   [33mÔØ»[31m tests/composables/kanban2/useKanban2Data.spec.ts[2m > [22museKanban2Data[2m > [22mState Immutability[2m > [22mshould prevent direct mutation of error[39m
[31m     ÔåÆ expected [Function] to throw an error[39m
[31m   [33mÔØ»[31m tests/composables/kanban2/useKanban2Data.spec.ts[2m > [22museKanban2Data[2m > [22mData Consistency[2m > [22mshould maintain task data integrity[39m
[31m     ÔåÆ expected undefined to deeply equal { id: 'task-1', ÔÇª(6) }[39m
[31m   [33mÔØ»[31m tests/composables/kanban2/useKanban2Data.spec.ts[2m > [22museKanban2Data[2m > [22mData Consistency[2m > [22mshould maintain column data integrity[39m
[31m     ÔåÆ expected undefined to deeply equal { id: 'column-1', name: 'To Do', ÔÇª(4) }[39m
[31m   [33mÔØ»[31m tests/composables/kanban2/useKanban2Data.spec.ts[2m > [22museKanban2Data[2m > [22mMultiple Columns and Tasks[2m > [22mshould correctly filter tasks by multiple columns[39m
[31m     ÔåÆ expected [] to have a length of 2 but got +0[39m
[31m   [33mÔØ»[31m tests/composables/kanban2/useKanban2Data.spec.ts[2m > [22museKanban2Data[2m > [22mMultiple Columns and Tasks[2m > [22mshould find correct task among many[39m
[31m     ÔåÆ expected undefined to be 'column-2' // Object.is equality[39m
[31m   [33mÔØ»[31m tests/composables/kanban2/useKanban2Data.spec.ts[2m > [22museKanban2Data[2m > [22mMultiple Columns and Tasks[2m > [22mshould find correct column among many[39m
[31m     ÔåÆ expected undefined to be 'In Progress' // Object.is equality[39m
[90mstderr[2m | 
tests/composables/kanban2/useKanban2Data.spec.ts[2m > 
[22m[2museKanban2Data[2m > [22m[2mInitial State[2m > 
[22m[2mshould have readonly exports[22m[39m
[Vue warn] Set operation on key "value" failed: target is 
readonly. RefImpl {
  dep: Dep {
    computed: [90mundefined[39m,
    version: [33m0[39m,
    activeLink: [90mundefined[39m,
    subs: [90mundefined[39m,
    map: [90mundefined[39m,
    key: [90mundefined[39m,
    sc: [33m0[39m,
    __v_skip: [33mtrue[39m,
    subsHead: [90mundefined[39m
  },
  __v_isRef: [33mtrue[39m,
  __v_isShallow: [33mfalse[39m,
  _rawValue: [],
  _value: []
}

[90mstderr[2m | 
tests/composables/kanban2/useKanban2Data.spec.ts[2m > 
[22m[2museKanban2Data[2m > [22m[2mgetTasksByColumn[2m > 
[22m[2mshould return tasks from specific column[22m[39m
[Vue warn] Set operation on key "value" failed: target is 
readonly. RefImpl {
  dep: Dep {
    computed: [90mundefined[39m,
    version: [33m0[39m,
    activeLink: [90mundefined[39m,
    subs: [90mundefined[39m,
    map: [90mundefined[39m,
    key: [90mundefined[39m,
    sc: [33m0[39m,
    __v_skip: [33mtrue[39m,
    subsHead: [90mundefined[39m
  },
  __v_isRef: [33mtrue[39m,
  __v_isShallow: [33mfalse[39m,
  _rawValue: [],
  _value: []
}

[90mstderr[2m | 
tests/composables/kanban2/useKanban2Data.spec.ts[2m > 
[22m[2museKanban2Data[2m > [22m[2mgetTasksByColumn[2m > 
[22m[2mshould return empty array for non-existent 
column[22m[39m
[Vue warn] Set operation on key "value" failed: target is 
readonly. RefImpl {
  dep: Dep {
    computed: [90mundefined[39m,
    version: [33m0[39m,
    activeLink: [90mundefined[39m,
    subs: [90mundefined[39m,
    map: [90mundefined[39m,
    key: [90mundefined[39m,
    sc: [33m0[39m,
    __v_skip: [33mtrue[39m,
    subsHead: [90mundefined[39m
  },
  __v_isRef: [33mtrue[39m,
  __v_isShallow: [33mfalse[39m,
  _rawValue: [],
  _value: []
}

[90mstderr[2m | 
tests/composables/kanban2/useKanban2Data.spec.ts[2m > 
[22m[2museKanban2Data[2m > [22m[2mgetTasksByColumn[2m > 
[22m[2mshould not include tasks from other columns[22m[39m
[Vue warn] Set operation on key "value" failed: target is 
readonly. RefImpl {
  dep: Dep {
    computed: [90mundefined[39m,
    version: [33m0[39m,
    activeLink: [90mundefined[39m,
    subs: [90mundefined[39m,
    map: [90mundefined[39m,
    key: [90mundefined[39m,
    sc: [33m0[39m,
    __v_skip: [33mtrue[39m,
    subsHead: [90mundefined[39m
  },
  __v_isRef: [33mtrue[39m,
  __v_isShallow: [33mfalse[39m,
  _rawValue: [],
  _value: []
}

[90mstderr[2m | 
tests/composables/kanban2/useKanban2Data.spec.ts[2m > 
[22m[2museKanban2Data[2m > [22m[2mgetTaskById[2m > 
[22m[2mshould return task by id[22m[39m
[Vue warn] Set operation on key "value" failed: target is 
readonly. RefImpl {
  dep: Dep {
    computed: [90mundefined[39m,
    version: [33m0[39m,
    activeLink: [90mundefined[39m,
    subs: [90mundefined[39m,
    map: [90mundefined[39m,
    key: [90mundefined[39m,
    sc: [33m0[39m,
    __v_skip: [33mtrue[39m,
    subsHead: [90mundefined[39m
  },
  __v_isRef: [33mtrue[39m,
  __v_isShallow: [33mfalse[39m,
  _rawValue: [],
  _value: []
}

[90mstderr[2m | 
tests/composables/kanban2/useKanban2Data.spec.ts[2m > 
[22m[2museKanban2Data[2m > [22m[2mgetTaskById[2m > 
[22m[2mshould return undefined for non-existent task[22m[39m
[Vue warn] Set operation on key "value" failed: target is 
readonly. RefImpl {
  dep: Dep {
    computed: [90mundefined[39m,
    version: [33m0[39m,
    activeLink: [90mundefined[39m,
    subs: [90mundefined[39m,
    map: [90mundefined[39m,
    key: [90mundefined[39m,
    sc: [33m0[39m,
    __v_skip: [33mtrue[39m,
    subsHead: [90mundefined[39m
  },
  __v_isRef: [33mtrue[39m,
  __v_isShallow: [33mfalse[39m,
  _rawValue: [],
  _value: []
}

[90mstderr[2m | 
tests/composables/kanban2/useKanban2Data.spec.ts[2m > 
[22m[2museKanban2Data[2m > [22m[2mgetColumnById[2m > 
[22m[2mshould return column by id[22m[39m
[Vue warn] Set operation on key "value" failed: target is 
readonly. RefImpl {
  dep: Dep {
    computed: [90mundefined[39m,
    version: [33m0[39m,
    activeLink: [90mundefined[39m,
    subs: [90mundefined[39m,
    map: [90mundefined[39m,
    key: [90mundefined[39m,
    sc: [33m0[39m,
    __v_skip: [33mtrue[39m,
    subsHead: [90mundefined[39m
  },
  __v_isRef: [33mtrue[39m,
  __v_isShallow: [33mfalse[39m,
  _rawValue: [],
  _value: []
}

[90mstderr[2m | 
tests/composables/kanban2/useKanban2Data.spec.ts[2m > 
[22m[2museKanban2Data[2m > [22m[2mgetColumnById[2m > 
[22m[2mshould return undefined for non-existent 
column[22m[39m
[Vue warn] Set operation on key "value" failed: target is 
readonly. RefImpl {
  dep: Dep {
    computed: [90mundefined[39m,
    version: [33m0[39m,
    activeLink: [90mundefined[39m,
    subs: [90mundefined[39m,
    map: [90mundefined[39m,
    key: [90mundefined[39m,
    sc: [33m0[39m,
    __v_skip: [33mtrue[39m,
    subsHead: [90mundefined[39m
  },
  __v_isRef: [33mtrue[39m,
  __v_isShallow: [33mfalse[39m,
  _rawValue: [],
  _value: []
}

[90mstderr[2m | 
tests/composables/kanban2/useKanban2Data.spec.ts[2m > 
[22m[2museKanban2Data[2m > [22m[2mError Handling[2m > 
[22m[2mshould clear error on successful operation[22m[39m
[Vue warn] Set operation on key "value" failed: target is 
readonly. RefImpl {
  dep: Dep {
    computed: [90mundefined[39m,
    version: [33m0[39m,
    activeLink: [90mundefined[39m,
    subs: [90mundefined[39m,
    map: [90mundefined[39m,
    key: [90mundefined[39m,
    sc: [33m0[39m,
    __v_skip: [33mtrue[39m,
    subsHead: [90mundefined[39m
  },
  __v_isRef: [33mtrue[39m,
  __v_isShallow: [33mfalse[39m,
  _rawValue: [1mnull[22m,
  _value: [1mnull[22m
}

[90mstderr[2m | 
tests/composables/kanban2/useKanban2Data.spec.ts[2m > 
[22m[2museKanban2Data[2m > [22m[2mState Immutability[2m > 
[22m[2mshould prevent direct mutation of tasks[22m[39m
[Vue warn] Set operation on key "value" failed: target is 
readonly. RefImpl {
  dep: Dep {
    computed: [90mundefined[39m,
    version: [33m0[39m,
    activeLink: [90mundefined[39m,
    subs: [90mundefined[39m,
    map: [90mundefined[39m,
    key: [90mundefined[39m,
    sc: [33m0[39m,
    __v_skip: [33mtrue[39m,
    subsHead: [90mundefined[39m
  },
  __v_isRef: [33mtrue[39m,
  __v_isShallow: [33mfalse[39m,
  _rawValue: [],
  _value: []
}

[90mstderr[2m | 
tests/composables/kanban2/useKanban2Data.spec.ts[2m > 
[22m[2museKanban2Data[2m > [22m[2mState Immutability[2m > 
[22m[2mshould prevent direct mutation of columns[22m[39m
[Vue warn] Set operation on key "value" failed: target is 
readonly. RefImpl {
  dep: Dep {
    computed: [90mundefined[39m,
    version: [33m0[39m,
    activeLink: [90mundefined[39m,
    subs: [90mundefined[39m,
    map: [90mundefined[39m,
    key: [90mundefined[39m,
    sc: [33m0[39m,
    __v_skip: [33mtrue[39m,
    subsHead: [90mundefined[39m
  },
  __v_isRef: [33mtrue[39m,
  __v_isShallow: [33mfalse[39m,
  _rawValue: [],
  _value: []
}

[90mstderr[2m | 
tests/composables/kanban2/useKanban2Data.spec.ts[2m > 
[22m[2museKanban2Data[2m > [22m[2mState Immutability[2m > 
[22m[2mshould prevent direct mutation of loading[22m[39m
[Vue warn] Set operation on key "value" failed: target is 
readonly. RefImpl {
  dep: Dep {
    computed: [90mundefined[39m,
    version: [33m0[39m,
    activeLink: [90mundefined[39m,
    subs: [90mundefined[39m,
    map: [90mundefined[39m,
    key: [90mundefined[39m,
    sc: [33m0[39m,
    __v_skip: [33mtrue[39m,
    subsHead: [90mundefined[39m
  },
  __v_isRef: [33mtrue[39m,
  __v_isShallow: [33mfalse[39m,
  _rawValue: [33mfalse[39m,
  _value: [33mfalse[39m
}

[90mstderr[2m | 
tests/composables/kanban2/useKanban2Data.spec.ts[2m > 
[22m[2museKanban2Data[2m > [22m[2mState Immutability[2m > 
[22m[2mshould prevent direct mutation of error[22m[39m
[Vue warn] Set operation on key "value" failed: target is 
readonly. RefImpl {
  dep: Dep {
    computed: [90mundefined[39m,
    version: [33m0[39m,
    activeLink: [90mundefined[39m,
    subs: [90mundefined[39m,
    map: [90mundefined[39m,
    key: [90mundefined[39m,
    sc: [33m0[39m,
    __v_skip: [33mtrue[39m,
    subsHead: [90mundefined[39m
  },
  __v_isRef: [33mtrue[39m,
  __v_isShallow: [33mfalse[39m,
  _rawValue: [1mnull[22m,
  _value: [1mnull[22m
}

[90mstderr[2m | 
tests/composables/kanban2/useKanban2Data.spec.ts[2m > 
[22m[2museKanban2Data[2m > [22m[2mData Consistency[2m > 
[22m[2mshould maintain task data integrity[22m[39m
[Vue warn] Set operation on key "value" failed: target is 
readonly. RefImpl {
  dep: Dep {
    computed: [90mundefined[39m,
    version: [33m0[39m,
    activeLink: [90mundefined[39m,
    subs: [90mundefined[39m,
    map: [90mundefined[39m,
    key: [90mundefined[39m,
    sc: [33m0[39m,
    __v_skip: [33mtrue[39m,
    subsHead: [90mundefined[39m
  },
  __v_isRef: [33mtrue[39m,
  __v_isShallow: [33mfalse[39m,
  _rawValue: [],
  _value: []
}

[90mstderr[2m | 
tests/composables/kanban2/useKanban2Data.spec.ts[2m > 
[22m[2museKanban2Data[2m > [22m[2mData Consistency[2m > 
[22m[2mshould maintain column data integrity[22m[39m
[Vue warn] Set operation on key "value" failed: target is 
readonly. RefImpl {
  dep: Dep {
    computed: [90mundefined[39m,
    version: [33m0[39m,
    activeLink: [90mundefined[39m,
    subs: [90mundefined[39m,
    map: [90mundefined[39m,
    key: [90mundefined[39m,
    sc: [33m0[39m,
    __v_skip: [33mtrue[39m,
    subsHead: [90mundefined[39m
  },
  __v_isRef: [33mtrue[39m,
  __v_isShallow: [33mfalse[39m,
  _rawValue: [],
  _value: []
}

[90mstderr[2m | 
tests/composables/kanban2/useKanban2Data.spec.ts[2m > 
[22m[2museKanban2Data[2m > [22m[2mMultiple Columns and 
Tasks[2m > [22m[2mshould correctly filter tasks by multiple 
columns[22m[39m
[Vue warn] Set operation on key "value" failed: target is 
readonly. RefImpl {
  dep: Dep {
    computed: [90mundefined[39m,
    version: [33m0[39m,
    activeLink: [90mundefined[39m,
    subs: [90mundefined[39m,
    map: [90mundefined[39m,
    key: [90mundefined[39m,
    sc: [33m0[39m,
    __v_skip: [33mtrue[39m,
    subsHead: [90mundefined[39m
  },
  __v_isRef: [33mtrue[39m,
  __v_isShallow: [33mfalse[39m,
  _rawValue: [],
  _value: []
}
[Vue warn] Set operation on key "value" failed: target is 
readonly. RefImpl {
  dep: Dep {
    computed: [90mundefined[39m,
    version: [33m0[39m,
    activeLink: [90mundefined[39m,
    subs: [90mundefined[39m,
    map: [90mundefined[39m,
    key: [90mundefined[39m,
    sc: [33m0[39m,
    __v_skip: [33mtrue[39m,
    subsHead: [90mundefined[39m
  },
  __v_isRef: [33mtrue[39m,
  __v_isShallow: [33mfalse[39m,
  _rawValue: [],
  _value: []
}

[90mstderr[2m | 
tests/composables/kanban2/useKanban2Data.spec.ts[2m > 
[22m[2museKanban2Data[2m > [22m[2mMultiple Columns and 
Tasks[2m > [22m[2mshould find correct task among 
many[22m[39m
[Vue warn] Set operation on key "value" failed: target is 
readonly. RefImpl {
  dep: Dep {
    computed: [90mundefined[39m,
    version: [33m0[39m,
    activeLink: [90mundefined[39m,
    subs: [90mundefined[39m,
    map: [90mundefined[39m,
    key: [90mundefined[39m,
    sc: [33m0[39m,
    __v_skip: [33mtrue[39m,
    subsHead: [90mundefined[39m
  },
  __v_isRef: [33mtrue[39m,
  __v_isShallow: [33mfalse[39m,
  _rawValue: [],
  _value: []
}
[Vue warn] Set operation on key "value" failed: target is 
readonly. RefImpl {
  dep: Dep {
    computed: [90mundefined[39m,
    version: [33m0[39m,
    activeLink: [90mundefined[39m,
    subs: [90mundefined[39m,
    map: [90mundefined[39m,
    key: [90mundefined[39m,
    sc: [33m0[39m,
    __v_skip: [33mtrue[39m,
    subsHead: [90mundefined[39m
  },
  __v_isRef: [33mtrue[39m,
  __v_isShallow: [33mfalse[39m,
  _rawValue: [],
  _value: []
}

[90mstderr[2m | 
tests/composables/kanban2/useKanban2Data.spec.ts[2m > 
[22m[2museKanban2Data[2m > [22m[2mMultiple Columns and 
Tasks[2m > [22m[2mshould find correct column among 
many[22m[39m
[Vue warn] Set operation on key "value" failed: target is 
readonly. RefImpl {
  dep: Dep {
    computed: [90mundefined[39m,
    version: [33m0[39m,
    activeLink: [90mundefined[39m,
    subs: [90mundefined[39m,
 [32mÔ£ô[39m tests/composables/kanban2/useKanban2Realtime.spec.ts [2m ([22m[2m11 tests[22m[2m)[22m[90m 15[2mms[22m[39m
    map: [90mundefined[39m,
    key: [90mundefined[39m,
    sc: [33m0[39m,
    __v_skip: [33mtrue[39m,
    subsHead: [90mundefined[39m
  },
  __v_isRef: [33mtrue[39m,
  __v_isShallow: [33mfalse[39m,
  _rawValue: [],
  _value: []
}
[Vue warn] Set operation on key "value" failed: target is 
readonly. RefImpl {
  dep: Dep {
    computed: [90mundefined[39m,
    version: [33m0[39m,
    activeLink: [90mundefined[39m,
    subs: [90mundefined[39m,
    map: [90mundefined[39m,
    key: [90mundefined[39m,
    sc: [33m0[39m,
    __v_skip: [33mtrue[39m,
    subsHead: [90mundefined[39m
  },
  __v_isRef: [33mtrue[39m,
  __v_isShallow: [33mfalse[39m,
  _rawValue: [],
  _value: []
}


[31mÔÄ»ÔÄ»ÔÄ»ÔÄ»ÔÄ»ÔÄ»[1m[7m Failed Tests 23 
[27m[22mÔÄ»ÔÄ»ÔÄ»ÔÄ»ÔÄ»ÔÄ»ÔÄ»[39m

[31m[1m[7m FAIL [27m[22m[39m 
tests/composables/kanban2/useKanban2Columns.spec.ts[2m > 
[22museKanban2Columns[2m > [22mInitial State[2m > 
[22mshould have readonly exports
[31m[1mAssertionError[22m: expected [Function] to throw an 
error[39m
[36m [2mÔØ»[22m tests/composables/kanban2/useKanban2Columns.s
pec.ts:[2m31:10[22m[39m
    [90m 29| [39m      [34mexpect[39m(() [33m=>[39m {
    [90m 30| [39m        
columns[33m.[39mcolumns[33m.[39mvalue [33m=[39m []
    [90m 31| [39m      })[33m.[39m[34mtoThrow[39m()
    [90m   | [39m         [31m^[39m
    [90m 32| [39m
    [90m 33| [39m      [34mexpect[39m(() [33m=>[39m {

[31m[2mÔÄ»ÔÄ»ÔÄ»ÔÄ»ÔÄ»ÔÄ»ÔÄ»ÔÄ»ÔÄ»ÔÄ»ÔÄ»ÔÄ»ÔÄ»ÔÄ»ÔÄ»ÔÄ»ÔÄ»ÔÄ»Ô
Ä»ÔÄ»ÔÄ»ÔÄ»ÔÄ»[1/23]ÔÄ»[22m[39m

[31m[1m[7m FAIL [27m[22m[39m 
tests/composables/kanban2/useKanban2Columns.spec.ts[2m > 
[22museKanban2Columns[2m > [22mdeleteColumn[2m > 
[22mshould delete column
[31m[1mAssertionError[22m: expected [] to have a length of 2 
but got +0[39m

[32m- Expected[39m
[31m+ Received[39m

[32m- 2[39m
[31m+ 0[39m

[36m [2mÔØ»[22m tests/composables/kanban2/useKanban2Columns.s
pec.ts:[2m154:37[22m[39m
    [90m152| [39m      [35mawait[39m 
columns[33m.[39m[34mdeleteColumn[39m(columnId)
    [90m153| [39m
    [90m154| [39m      [34mexpect[39m(columns[33m.[39mcolu
mns[33m.[39mvalue)[33m.[39m[34mtoHaveLength[39m([34m2[39
m)
    [90m   | [39m                                    
[31m^[39m
    [90m155| [39m      [34mexpect[39m(columns[33m.[39mcolu
mns[33m.[39mvalue[33m.[39m[34msome[39m(c [33m=>[39m 
c[33m.[39mid [33m===[39m 
columnId))[33m.[39m[34mtoBe[39m(ÔÇª
    [90m156| [39m    })

[31m[2mÔÄ»ÔÄ»ÔÄ»ÔÄ»ÔÄ»ÔÄ»ÔÄ»ÔÄ»ÔÄ»ÔÄ»ÔÄ»ÔÄ»ÔÄ»ÔÄ»ÔÄ»ÔÄ»ÔÄ»ÔÄ»Ô
Ä»ÔÄ»ÔÄ»ÔÄ»ÔÄ»[2/23]ÔÄ»[22m[39m

[31m[1m[7m FAIL [27m[22m[39m 
tests/composables/kanban2/useKanban2Columns.spec.ts[2m > 
[22museKanban2Columns[2m > [22mdeleteColumn[2m > 
[22mshould reorder after delete
[31m[1mTypeError[22m: Cannot read properties of undefined 
(reading 'order')[39m
[36m [2mÔØ»[22m tests/composables/kanban2/useKanban2Columns.s
pec.ts:[2m162:39[22m[39m
    [90m160| [39m      [35mawait[39m 
columns[33m.[39m[34mdeleteColumn[39m(columnId)
    [90m161| [39m
    [90m162| [39m      [34mexpect[39m(columns[33m.[39mcolu
mns[33m.[39mvalue[[34m0[39m][33m.[39morder)[33m.[39m[34
mtoBe[39m([34m0[39m)
    [90m   | [39m                                      
[31m^[39m
    [90m163| [39m      [34mexpect[39m(columns[33m.[39mcolu
mns[33m.[39mvalue[[34m1[39m][33m.[39morder)[33m.[39m[34
mtoBe[39m([34m1[39m)
    [90m164| [39m    })

[31m[2mÔÄ»ÔÄ»ÔÄ»ÔÄ»ÔÄ»ÔÄ»ÔÄ»ÔÄ»ÔÄ»ÔÄ»ÔÄ»ÔÄ»ÔÄ»ÔÄ»ÔÄ»ÔÄ»ÔÄ»ÔÄ»Ô
Ä»ÔÄ»ÔÄ»ÔÄ»ÔÄ»[3/23]ÔÄ»[22m[39m

[31m[1m[7m FAIL [27m[22m[39m 
tests/composables/kanban2/useKanban2Columns.spec.ts[2m > 
[22museKanban2Columns[2m > [22mgetColumnIndex[2m > 
[22mshould return correct index
[31m[1mAssertionError[22m: expected +0 to be 1 // Object.is 
equality[39m

[32m- Expected[39m
[31m+ Received[39m

[32m- 1[39m
[31m+ 0[39m

[36m [2mÔØ»[22m tests/composables/kanban2/useKanban2Columns.s
pec.ts:[2m306:21[22m[39m
    [90m304| [39m      [35mconst[39m index [33m=[39m 
columns[33m.[39m[34mgetColumnIndex[39m(columnId)
    [90m305| [39m
    [90m306| [39m      
[34mexpect[39m(index)[33m.[39m[34mtoBe[39m([34m1[39m)
    [90m   | [39m                    [31m^[39m
    [90m307| [39m    })
    [90m308| [39m

[31m[2mÔÄ»ÔÄ»ÔÄ»ÔÄ»ÔÄ»ÔÄ»ÔÄ»ÔÄ»ÔÄ»ÔÄ»ÔÄ»ÔÄ»ÔÄ»ÔÄ»ÔÄ»ÔÄ»ÔÄ»ÔÄ»Ô
Ä»ÔÄ»ÔÄ»ÔÄ»ÔÄ»[4/23]ÔÄ»[22m[39m

[31m[1m[7m FAIL [27m[22m[39m 
tests/composables/kanban2/useKanban2Columns.spec.ts[2m > 
[22museKanban2Columns[2m > [22mComputed Properties[2m > 
[22mcolumnCount should update after delete
[31m[1mAssertionError[22m: expected +0 to be 2 // Object.is 
equality[39m

[32m- Expected[39m
[31m+ Received[39m

[32m- 2[39m
[31m+ 0[39m

[36m [2mÔØ»[22m tests/composables/kanban2/useKanban2Columns.s
pec.ts:[2m341:41[22m[39m
    [90m339| [39m      [35mconst[39m columnId [33m=[39m co
lumns[33m.[39mcolumns[33m.[39mvalue[[34m0[39m][33m.[39mi
d
    [90m340| [39m      [35mawait[39m 
columns[33m.[39m[34mdeleteColumn[39m(columnId)
    [90m341| [39m      [34mexpect[39m(columns[33m.[39mcolu
mnCount[33m.[39mvalue)[33m.[39m[34mtoBe[39m([34m2[39m)
    [90m   | [39m                                        
[31m^[39m
    [90m342| [39m    })
    [90m343| [39m  })

[31m[2mÔÄ»ÔÄ»ÔÄ»ÔÄ»ÔÄ»ÔÄ»ÔÄ»ÔÄ»ÔÄ»ÔÄ»ÔÄ»ÔÄ»ÔÄ»ÔÄ»ÔÄ»ÔÄ»ÔÄ»ÔÄ»Ô
Ä»ÔÄ»ÔÄ»ÔÄ»ÔÄ»[5/23]ÔÄ»[22m[39m

[31m[1m[7m FAIL [27m[22m[39m 
tests/composables/kanban2/useKanban2Columns.spec.ts[2m > 
[22museKanban2Columns[2m > [22mState Immutability[2m > 
[22mshould prevent direct mutation of columns
[31m[1mAssertionError[22m: expected [Function] to throw an 
error[39m
[36m [2mÔØ»[22m tests/composables/kanban2/useKanban2Columns.s
pec.ts:[2m378:10[22m[39m
    [90m376| [39m      [34mexpect[39m(() [33m=>[39m {
    [90m377| [39m        
columns[33m.[39mcolumns[33m.[39mvalue [33m=[39m []
    [90m378| [39m      })[33m.[39m[34mtoThrow[39m()
    [90m   | [39m         [31m^[39m
    [90m379| [39m    })
    [90m380| [39m

[31m[2mÔÄ»ÔÄ»ÔÄ»ÔÄ»ÔÄ»ÔÄ»ÔÄ»ÔÄ»ÔÄ»ÔÄ»ÔÄ»ÔÄ»ÔÄ»ÔÄ»ÔÄ»ÔÄ»ÔÄ»ÔÄ»Ô
Ä»ÔÄ»ÔÄ»ÔÄ»ÔÄ»[6/23]ÔÄ»[22m[39m

[31m[1m[7m FAIL [27m[22m[39m 
tests/composables/kanban2/useKanban2Columns.spec.ts[2m > 
[22museKanban2Columns[2m > [22mState Immutability[2m > 
[22mshould prevent direct mutation of loading
[31m[1mAssertionError[22m: expected [Function] to throw an 
error[39m
[36m [2mÔØ»[22m tests/composables/kanban2/useKanban2Columns.s
pec.ts:[2m384:10[22m[39m
    [90m382| [39m      [34mexpect[39m(() [33m=>[39m {
    [90m383| [39m        
columns[33m.[39mloading[33m.[39mvalue [33m=[39m 
[35mtrue[39m
    [90m384| [39m      })[33m.[39m[34mtoThrow[39m()
    [90m   | [39m         [31m^[39m
    [90m385| [39m    })
    [90m386| [39m

[31m[2mÔÄ»ÔÄ»ÔÄ»ÔÄ»ÔÄ»ÔÄ»ÔÄ»ÔÄ»ÔÄ»ÔÄ»ÔÄ»ÔÄ»ÔÄ»ÔÄ»ÔÄ»ÔÄ»ÔÄ»ÔÄ»Ô
Ä»ÔÄ»ÔÄ»ÔÄ»ÔÄ»[7/23]ÔÄ»[22m[39m

[31m[1m[7m FAIL [27m[22m[39m 
tests/composables/kanban2/useKanban2Columns.spec.ts[2m > 
[22museKanban2Columns[2m > [22mState Immutability[2m > 
[22mshould prevent direct mutation of error
[31m[1mAssertionError[22m: expected [Function] to throw an 
error[39m
[36m [2mÔØ»[22m tests/composables/kanban2/useKanban2Columns.s
pec.ts:[2m390:10[22m[39m
    [90m388| [39m      [34mexpect[39m(() [33m=>[39m {
    [90m389| [39m        
columns[33m.[39merror[33m.[39mvalue [33m=[39m 
[32m'error'[39m
    [90m390| [39m      })[33m.[39m[34mtoThrow[39m()
    [90m   | [39m         [31m^[39m
    [90m391| [39m    })
    [90m392| [39m  })

[31m[2mÔÄ»ÔÄ»ÔÄ»ÔÄ»ÔÄ»ÔÄ»ÔÄ»ÔÄ»ÔÄ»ÔÄ»ÔÄ»ÔÄ»ÔÄ»ÔÄ»ÔÄ»ÔÄ»ÔÄ»ÔÄ»Ô
Ä»ÔÄ»ÔÄ»ÔÄ»ÔÄ»[8/23]ÔÄ»[22m[39m

[31m[1m[7m FAIL [27m[22m[39m 
tests/composables/kanban2/useKanban2Data.spec.ts[2m > 
[22museKanban2Data[2m > [22mInitial State[2m > [22mshould 
have readonly exports
[31m[1mAssertionError[22m: expected [Function] to throw an 
error[39m
[36m [2mÔØ»[22m tests/composables/kanban2/useKanban2Data.spec
.ts:[2m50:10[22m[39m
    [90m 48| [39m      [34mexpect[39m(() [33m=>[39m {
    [90m 49| [39m        data[33m.[39mtasks[33m.[39mvalue 
[33m=[39m []
    [90m 50| [39m      })[33m.[39m[34mtoThrow[39m()
    [90m   | [39m         [31m^[39m
    [90m 51| [39m
    [90m 52| [39m      [34mexpect[39m(() [33m=>[39m {

[31m[2mÔÄ»ÔÄ»ÔÄ»ÔÄ»ÔÄ»ÔÄ»ÔÄ»ÔÄ»ÔÄ»ÔÄ»ÔÄ»ÔÄ»ÔÄ»ÔÄ»ÔÄ»ÔÄ»ÔÄ»ÔÄ»Ô
Ä»ÔÄ»ÔÄ»ÔÄ»ÔÄ»[9/23]ÔÄ»[22m[39m

[31m[1m[7m FAIL [27m[22m[39m 
tests/composables/kanban2/useKanban2Data.spec.ts[2m > 
[22museKanban2Data[2m > [22mgetTasksByColumn[2m > 
[22mshould return tasks from specific column
[31m[1mAssertionError[22m: expected [] to have a length of 2 
but got +0[39m

[32m- Expected[39m
[31m+ Received[39m

[32m- 2[39m
[31m+ 0[39m

[36m [2mÔØ»[22m tests/composables/kanban2/useKanban2Data.spec
.ts:[2m77:21[22m[39m
    [90m 75| [39m    [34mit[39m([32m'should return tasks 
from specific column'[39m[33m,[39m () [33m=>[39m {
    [90m 76| [39m      [35mconst[39m tasks [33m=[39m 
data[33m.[39m[34mgetTasksByColumn[39m([32m'column-1'[39m)
    [90m 77| [39m      [34mexpect[39m(tasks)[33m.[39m[34m
toHaveLength[39m([34m2[39m)
    [90m   | [39m                    [31m^[39m
    [90m 78| [39m      [34mexpect[39m(tasks[[34m0[39m][33
m.[39mid)[33m.[39m[34mtoBe[39m([32m'task-1'[39m)
    [90m 79| [39m      [34mexpect[39m(tasks[[34m1[39m][33
m.[39mid)[33m.[39m[34mtoBe[39m([32m'task-2'[39m)

[31m[2mÔÄ»ÔÄ»ÔÄ»ÔÄ»ÔÄ»ÔÄ»ÔÄ»ÔÄ»ÔÄ»ÔÄ»ÔÄ»ÔÄ»ÔÄ»ÔÄ»ÔÄ»ÔÄ»ÔÄ»ÔÄ»Ô
Ä»ÔÄ»ÔÄ»ÔÄ»[10/23]ÔÄ»[22m[39m

[31m[1m[7m FAIL [27m[22m[39m 
tests/composables/kanban2/useKanban2Data.spec.ts[2m > 
[22museKanban2Data[2m > [22mgetTaskById[2m > [22mshould 
return task by id
[31m[1mAssertionError[22m: expected undefined not to be 
undefined[39m
[36m [2mÔØ»[22m tests/composables/kanban2/useKanban2Data.spec
.ts:[2m103:20[22m[39m
    [90m101| [39m    [34mit[39m([32m'should return task by 
id'[39m[33m,[39m () [33m=>[39m {
    [90m102| [39m      [35mconst[39m task [33m=[39m 
data[33m.[39m[34mgetTaskById[39m([32m'task-1'[39m)
    [90m103| [39m      
[34mexpect[39m(task)[33m.[39m[34mtoBeDefined[39m()
    [90m   | [39m                   [31m^[39m
    [90m104| [39m      [34mexpect[39m(task[33m?.[39mid)[3
3m.[39m[34mtoBe[39m([32m'task-1'[39m)
    [90m105| [39m    })

[31m[2mÔÄ»ÔÄ»ÔÄ»ÔÄ»ÔÄ»ÔÄ»ÔÄ»ÔÄ»ÔÄ»ÔÄ»ÔÄ»ÔÄ»ÔÄ»ÔÄ»ÔÄ»ÔÄ»ÔÄ»ÔÄ»Ô
Ä»ÔÄ»ÔÄ»ÔÄ»[11/23]ÔÄ»[22m[39m

[31m[1m[7m FAIL [27m[22m[39m 
tests/composables/kanban2/useKanban2Data.spec.ts[2m > 
[22museKanban2Data[2m > [22mgetColumnById[2m > [22mshould 
return column by id
[31m[1mAssertionError[22m: expected undefined not to be 
undefined[39m
[36m [2mÔØ»[22m tests/composables/kanban2/useKanban2Data.spec
.ts:[2m123:22[22m[39m
    [90m121| [39m    [34mit[39m([32m'should return column 
by id'[39m[33m,[39m () [33m=>[39m {
    [90m122| [39m      [35mconst[39m column [33m=[39m 
data[33m.[39m[34mgetColumnById[39m([32m'column-1'[39m)
    [90m123| [39m      
[34mexpect[39m(column)[33m.[39m[34mtoBeDefined[39m()
    [90m   | [39m                     [31m^[39m
    [90m124| [39m      [34mexpect[39m(column[33m?.[39mid)
[33m.[39m[34mtoBe[39m([32m'column-1'[39m)
    [90m125| [39m    })

[31m[2mÔÄ»ÔÄ»ÔÄ»ÔÄ»ÔÄ»ÔÄ»ÔÄ»ÔÄ»ÔÄ»ÔÄ»ÔÄ»ÔÄ»ÔÄ»ÔÄ»ÔÄ»ÔÄ»ÔÄ»ÔÄ»Ô
Ä»ÔÄ»ÔÄ»ÔÄ»[12/23]ÔÄ»[22m[39m

[31m[1m[7m FAIL [27m[22m[39m 
tests/composables/kanban2/useKanban2Data.spec.ts[2m > 
[22museKanban2Data[2m > [22mError Handling[2m > [22mshould 
clear error on successful operation
[31m[1mAssertionError[22m: expected null to be 'Previous 
error' // Object.is equality[39m

[32m- Expected:[39m 
"Previous error"

[31m+ Received:[39m 
null

[36m [2mÔØ»[22m tests/composables/kanban2/useKanban2Data.spec
.ts:[2m137:32[22m[39m
    [90m135| [39m      data[33m.[39merror[33m.[39mvalue 
[33m=[39m [32m'Previous error'[39m
    [90m136| [39m      [90m// After a successful operation, 
error should be cleared[39m
    [90m137| [39m      [34mexpect[39m(data[33m.[39merror[
33m.[39mvalue)[33m.[39m[34mtoBe[39m([32m'Previous 
error'[39m)
    [90m   | [39m                               [31m^[39m
    [90m138| [39m    })
    [90m139| [39m

[31m[2mÔÄ»ÔÄ»ÔÄ»ÔÄ»ÔÄ»ÔÄ»ÔÄ»ÔÄ»ÔÄ»ÔÄ»ÔÄ»ÔÄ»ÔÄ»ÔÄ»ÔÄ»ÔÄ»ÔÄ»ÔÄ»Ô
Ä»ÔÄ»ÔÄ»ÔÄ»[13/23]ÔÄ»[22m[39m

[31m[1m[7m FAIL [27m[22m[39m 
tests/composables/kanban2/useKanban2Data.spec.ts[2m > 
[22museKanban2Data[2m > [22mState Immutability[2m > 
[22mshould prevent direct mutation of tasks
[31m[1mAssertionError[22m: expected [Function] to throw an 
error[39m
[36m [2mÔØ»[22m tests/composables/kanban2/useKanban2Data.spec
.ts:[2m150:10[22m[39m
    [90m148| [39m      [34mexpect[39m(() [33m=>[39m {
    [90m149| [39m        data[33m.[39mtasks[33m.[39mvalue 
[33m=[39m []
    [90m150| [39m      })[33m.[39m[34mtoThrow[39m()
    [90m   | [39m         [31m^[39m
    [90m151| [39m    })
    [90m152| [39m

[31m[2mÔÄ»ÔÄ»ÔÄ»ÔÄ»ÔÄ»ÔÄ»ÔÄ»ÔÄ»ÔÄ»ÔÄ»ÔÄ»ÔÄ»ÔÄ»ÔÄ»ÔÄ»ÔÄ»ÔÄ»ÔÄ»Ô
Ä»ÔÄ»ÔÄ»ÔÄ»[14/23]ÔÄ»[22m[39m

[31m[1m[7m FAIL [27m[22m[39m 
tests/composables/kanban2/useKanban2Data.spec.ts[2m > 
[22museKanban2Data[2m > [22mState Immutability[2m > 
[22mshould prevent direct mutation of columns
[31m[1mAssertionError[22m: expected [Function] to throw an 
error[39m
[36m [2mÔØ»[22m tests/composables/kanban2/useKanban2Data.spec
.ts:[2m156:10[22m[39m
    [90m154| [39m      [34mexpect[39m(() [33m=>[39m {
    [90m155| [39m        
data[33m.[39mcolumns[33m.[39mvalue [33m=[39m []
    [90m156| [39m      })[33m.[39m[34mtoThrow[39m()
    [90m   | [39m         [31m^[39m
    [90m157| [39m    })
    [90m158| [39m

[31m[2mÔÄ»ÔÄ»ÔÄ»ÔÄ»ÔÄ»ÔÄ»ÔÄ»ÔÄ»ÔÄ»ÔÄ»ÔÄ»ÔÄ»ÔÄ»ÔÄ»ÔÄ»ÔÄ»ÔÄ»ÔÄ»Ô
Ä»ÔÄ»ÔÄ»ÔÄ»[15/23]ÔÄ»[22m[39m

[31m[1m[7m FAIL [27m[22m[39m 
tests/composables/kanban2/useKanban2Data.spec.ts[2m > 
[22museKanban2Data[2m > [22mState Immutability[2m > 
[22mshould prevent direct mutation of loading
[31m[1mAssertionError[22m: expected [Function] to throw an 
error[39m
[36m [2mÔØ»[22m tests/composables/kanban2/useKanban2Data.spec
.ts:[2m162:10[22m[39m
    [90m160| [39m      [34mexpect[39m(() [33m=>[39m {
    [90m161| [39m        
data[33m.[39mloading[33m.[39mvalue [33m=[39m 
[35mtrue[39m
    [90m162| [39m      })[33m.[39m[34mtoThrow[39m()
    [90m   | [39m         [31m^[39m
    [90m163| [39m    })
    [90m164| [39m

[31m[2mÔÄ»ÔÄ»ÔÄ»ÔÄ»ÔÄ»ÔÄ»ÔÄ»ÔÄ»ÔÄ»ÔÄ»ÔÄ»ÔÄ»ÔÄ»ÔÄ»ÔÄ»ÔÄ»ÔÄ»ÔÄ»Ô
Ä»ÔÄ»ÔÄ»ÔÄ»[16/23]ÔÄ»[22m[39m

[31m[1m[7m FAIL [27m[22m[39m 
tests/composables/kanban2/useKanban2Data.spec.ts[2m > 
[22museKanban2Data[2m > [22mState Immutability[2m > 
[22mshould prevent direct mutation of error
[31m[1mAssertionError[22m: expected [Function] to throw an 
error[39m
[36m [2mÔØ»[22m tests/composables/kanban2/useKanban2Data.spec
.ts:[2m168:10[22m[39m
    [90m166| [39m      [34mexpect[39m(() [33m=>[39m {
    [90m167| [39m        data[33m.[39merror[33m.[39mvalue 
[33m=[39m [32m'error'[39m
    [90m168| [39m      })[33m.[39m[34mtoThrow[39m()
    [90m   | [39m         [31m^[39m
    [90m169| [39m    })
    [90m170| [39m  })

[31m[2mÔÄ»ÔÄ»ÔÄ»ÔÄ»ÔÄ»ÔÄ»ÔÄ»ÔÄ»ÔÄ»ÔÄ»ÔÄ»ÔÄ»ÔÄ»ÔÄ»ÔÄ»ÔÄ»ÔÄ»ÔÄ»Ô
Ä»ÔÄ»ÔÄ»ÔÄ»[17/23]ÔÄ»[22m[39m

[31m[1m[7m FAIL [27m[22m[39m 
tests/composables/kanban2/useKanban2Data.spec.ts[2m > 
[22museKanban2Data[2m > [22mData Consistency[2m > 
[22mshould maintain task data integrity
[31m[1mAssertionError[22m: expected undefined to deeply 
equal { id: 'task-1', ÔÇª(6) }[39m

[32m- Expected:[39m 
Object {
  "column_id": "column-1",
  "created_at": "2026-03-15T10:35:47.602Z",
  "description": "Test Description",
  "id": "task-1",
  "status": "todo",
  "title": "Test Task",
  "updated_at": "2026-03-15T10:35:47.602Z",
}

[31m+ Received:[39m 
undefined

[36m [2mÔØ»[22m tests/composables/kanban2/useKanban2Data.spec
.ts:[2m178:25[22m[39m
    [90m176| [39m
    [90m177| [39m      [35mconst[39m retrieved [33m=[39m 
data[33m.[39m[34mgetTaskById[39m([32m'task-1'[39m)
    [90m178| [39m      
[34mexpect[39m(retrieved)[33m.[39m[34mtoEqual[39m(task)
    [90m   | [39m                        [31m^[39m
    [90m179| [39m    })
    [90m180| [39m

[31m[2mÔÄ»ÔÄ»ÔÄ»ÔÄ»ÔÄ»ÔÄ»ÔÄ»ÔÄ»ÔÄ»ÔÄ»ÔÄ»ÔÄ»ÔÄ»ÔÄ»ÔÄ»ÔÄ»ÔÄ»ÔÄ»Ô
Ä»ÔÄ»ÔÄ»ÔÄ»[18/23]ÔÄ»[22m[39m

[31m[1m[7m FAIL [27m[22m[39m 
tests/composables/kanban2/useKanban2Data.spec.ts[2m > 
[22museKanban2Data[2m > [22mData Consistency[2m > 
[22mshould maintain column data integrity
[31m[1mAssertionError[22m: expected undefined to deeply 
equal { id: 'column-1', name: 'To Do', ÔÇª(4) }[39m

[32m- Expected:[39m 
Object {
  "color": "#FF0000",
  "created_at": "2026-03-15T10:35:47.602Z",
  "id": "column-1",
  "name": "To Do",
  "order": 0,
  "updated_at": "2026-03-15T10:35:47.602Z",
}

[31m+ Received:[39m 
undefined

[36m [2mÔØ»[22m tests/composables/kanban2/useKanban2Data.spec
.ts:[2m186:25[22m[39m
    [90m184| [39m
    [90m185| [39m      [35mconst[39m retrieved [33m=[39m 
data[33m.[39m[34mgetColumnById[39m([32m'column-1'[39m)
    [90m186| [39m      
[34mexpect[39m(retrieved)[33m.[39m[34mtoEqual[39m(column)
    [90m   | [39m                        [31m^[39m
    [90m187| [39m    })
    [90m188| [39m  })

[31m[2mÔÄ»ÔÄ»ÔÄ»ÔÄ»ÔÄ»ÔÄ»ÔÄ»ÔÄ»ÔÄ»ÔÄ»ÔÄ»ÔÄ»ÔÄ»ÔÄ»ÔÄ»ÔÄ»ÔÄ»ÔÄ»Ô
Ä»ÔÄ»ÔÄ»ÔÄ»[19/23]ÔÄ»[22m[39m

[31m[1m[7m FAIL [27m[22m[39m 
tests/composables/kanban2/useKanban2Data.spec.ts[2m > 
[22museKanban2Data[2m > [22mMultiple Columns and Tasks[2m > 
[22mshould correctly filter tasks by multiple columns
[31m[1mAssertionError[22m: expected [] to have a length of 2 
but got +0[39m

[32m- Expected[39m
[31m+ Received[39m

[32m- 2[39m
[31m+ 0[39m

[36m [2mÔØ»[22m tests/composables/kanban2/useKanban2Data.spec
.ts:[2m207:49[22m[39m
    [90m205| [39m
    [90m206| [39m    [34mit[39m([32m'should correctly 
filter tasks by multiple columns'[39m[33m,[39m () 
[33m=>[39m {
    [90m207| [39m      [34mexpect[39m(data[33m.[39m[34mge
tTasksByColumn[39m([32m'column-1'[39m))[33m.[39m[34mtoHave
Length[39m([34m2[39m)
    [90m   | [39m                                             
   [31m^[39m
    [90m208| [39m      [34mexpect[39m(data[33m.[39m[34mge
tTasksByColumn[39m([32m'column-2'[39m))[33m.[39m[34mtoHave
Length[39m([34m1[39m)
    [90m209| [39m      [34mexpect[39m(data[33m.[39m[34mge
tTasksByColumn[39m([32m'column-3'[39m))[33m.[39m[34mtoHave
Length[39m([34m1[39m)

[31m[2mÔÄ»ÔÄ»ÔÄ»ÔÄ»ÔÄ»ÔÄ»ÔÄ»ÔÄ»ÔÄ»ÔÄ»ÔÄ»ÔÄ»ÔÄ»ÔÄ»ÔÄ»ÔÄ»ÔÄ»ÔÄ»Ô
Ä»ÔÄ»ÔÄ»ÔÄ»[20/23]ÔÄ»[22m[39m

[31m[1m[7m FAIL [27m[22m[39m 
tests/composables/kanban2/useKanban2Data.spec.ts[2m > 
[22museKanban2Data[2m > [22mMultiple Columns and Tasks[2m > 
[22mshould find correct task among many
[31m[1mAssertionError[22m: expected undefined to be 
'column-2' // Object.is equality[39m

[32m- Expected:[39m 
"column-2"

[31m+ Received:[39m 
undefined

[36m [2mÔØ»[22m tests/composables/kanban2/useKanban2Data.spec
.ts:[2m214:31[22m[39m
    [90m212| [39m    [34mit[39m([32m'should find correct 
task among many'[39m[33m,[39m () [33m=>[39m {
    [90m213| [39m      [35mconst[39m task [33m=[39m 
data[33m.[39m[34mgetTaskById[39m([32m'task-3'[39m)
    [90m214| [39m      [34mexpect[39m(task[33m?.[39mcolumn
_id)[33m.[39m[34mtoBe[39m([32m'column-2'[39m)
    [90m   | [39m                              [31m^[39m
    [90m215| [39m    })
    [90m216| [39m

[31m[2mÔÄ»ÔÄ»ÔÄ»ÔÄ»ÔÄ»ÔÄ»ÔÄ»ÔÄ»ÔÄ»ÔÄ»ÔÄ»ÔÄ»ÔÄ»ÔÄ»ÔÄ»ÔÄ»ÔÄ»ÔÄ»Ô
Ä»ÔÄ»ÔÄ»ÔÄ»[21/23]ÔÄ»[22m[39m

[31m[1m[7m FAIL [27m[22m[39m 
tests/composables/kanban2/useKanban2Data.spec.ts[2m > 
[22museKanban2Data[2m > [22mMultiple Columns and Tasks[2m > 
[22mshould find correct column among many
[31m[1mAssertionError[22m: expected undefined to be 'In 
Progress' // Object.is equality[39m

[32m- Expected:[39m 
"In Progress"

[31m+ Received:[39m 
undefined

[36m [2mÔØ»[22m tests/composables/kanban2/useKanban2Data.spec
.ts:[2m219:28[22m[39m
    [90m217| [39m    [34mit[39m([32m'should find correct 
column among many'[39m[33m,[39m () [33m=>[39m {
    [90m218| [39m      [35mconst[39m column [33m=[39m 
data[33m.[39m[34mgetColumnById[39m([32m'column-2'[39m)
    [90m219| [39m      [34mexpect[39m(column[33m?.[39mname
)[33m.[39m[34mtoBe[39m([32m'In Progress'[39m)
    [90m   | [39m                           [31m^[39m
    [90m220| [39m      [34mexpect[39m(column[33m?.[39morde
r)[33m.[39m[34mtoBe[39m([34m1[39m)
    [90m221| [39m    })

[31m[2mÔÄ»ÔÄ»ÔÄ»ÔÄ»ÔÄ»ÔÄ»ÔÄ»ÔÄ»ÔÄ»ÔÄ»ÔÄ»ÔÄ»ÔÄ»ÔÄ»ÔÄ»ÔÄ»ÔÄ»ÔÄ»Ô
Ä»ÔÄ»ÔÄ»ÔÄ»[22/23]ÔÄ»[22m[39m

[31m[1m[7m FAIL [27m[22m[39m 
tests/composables/kanban2/useKanban2DragDrop.spec.ts[2m > 
[22museKanban2DragDrop[2m > [22mcompleteDrop[2m > 
[22mshould use default values if toColumnId is null
[31m[1mAssertionError[22m: expected "spy" to be called with 
arguments: [ 'task-1', 'column-1', ÔÇª(2) ][90m

Received: 

[1m  1st spy call:

[22m[2m  Array [[22m
[2m    "task-1",[22m
[2m    "column-1",[22m
[32m-   "column-1",[90m
[31m+   "column-2",[90m
[2m    "below",[22m
[2m  ][22m
[31m[90m

Number of calls: [1m1[22m
[31m[39m
[36m [2mÔØ»[22m tests/composables/kanban2/useKanban2DragDrop.
spec.ts:[2m168:28[22m[39m
[2m Test Files [22m [1m[31m3 failed[39m[22m[2m | [22m[1m[32m5 passed[39m[22m[90m (8)[39m
[2m      Tests [22m [1m[31m23 failed[39m[22m[2m | [22m[1m[32m152 passed[39m[22m[90m (175)[39m
[2m   Start at [22m 07:35:45
[2m   Duration [22m 2.16s[2m (transform 436ms, setup 0ms, collect 1.36s, tests 592ms, environment 2.81s, prepare 1.76s)[22m

    [90m166| [39m      [35mawait[39m 
dragDrop[33m.[39m[34mcompleteDrop[39m(mockMoveTask)
    [90m167| [39m
    [90m168| [39m      [34mexpect[39m(mockMoveTask)[33m.[3
9m[34mtoHaveBeenCalledWith[39m(
    [90m   | [39m                           [31m^[39m
    [90m169| [39m        [32m'task-1'[39m[33m,[39m
    [90m170| [39m        [32m'column-1'[39m[33m,[39m

[31m[2mÔÄ»ÔÄ»ÔÄ»ÔÄ»ÔÄ»ÔÄ»ÔÄ»ÔÄ»ÔÄ»ÔÄ»ÔÄ»ÔÄ»ÔÄ»ÔÄ»ÔÄ»ÔÄ»ÔÄ»ÔÄ»Ô
Ä»ÔÄ»ÔÄ»ÔÄ»[23/23]ÔÄ»[22m[39m

